// Jest Snapshot v1, https://goo.gl/fbAQLP

exports[`should match snapshot 1`] = `
<div
  className=""
>
  <div
    className="mb-5 book-return"
  >
    <button
      className="book btn btn-primary"
      disabled={false}
      onClick={[Function]}
      type="button"
    >
      Book
    </button>
  </div>
</div>
`;
